// Jest Snapshot v1, https://goo.gl/fbAQLP

exports[`MyComponent should render correctly in "debug" mode 1`] = `
<WithStyles(ForwardRef(BottomNavigation))
  onChange={[Function]}
>
  <WithStyles(ForwardRef(BottomNavigationAction))
    icon={
      <WithStyles(ForwardRef(Badge))
        badgeContent={5}
        color="primary"
      >
        <Memo />
      </WithStyles(ForwardRef(Badge))>
    }
    label="Recents"
    value="recents"
  />
  <WithStyles(ForwardRef(BottomNavigationAction))
    icon={<Memo />}
    label="Dialpad"
    value="dialpad"
  />
  <WithStyles(ForwardRef(BottomNavigationAction))
    icon={<Memo />}
    label="Favorites"
    value="favorites"
  />
  <WithStyles(ForwardRef(BottomNavigationAction))
    icon={<Memo />}
    label="Nearby"
    value="nearby"
  />
  <WithStyles(ForwardRef(BottomNavigationAction))
    icon={<Memo />}
    label="Archived"
    value="archived"
  />
</WithStyles(ForwardRef(BottomNavigation))>
`;
